Archive member included to satisfy reference by file (symbol)

c:/st/stm32cubeide_1.11.2/stm32cubeide/plugins/com.st.stm32cube.ide.mcu.externaltools.gnu-tools-for-stm32.10.3-2021.10.win32_1.0.100.202210260954/tools/bin/../lib/gcc/arm-none-eabi/10.3.1/../../../../arm-none-eabi/lib/thumb/v7e-m+fp/hard\libc_nano.a(lib_a-errno.o)
                              ./Core/Src/syscalls.o (__errno)
c:/st/stm32cubeide_1.11.2/stm32cubeide/plugins/com.st.stm32cube.ide.mcu.externaltools.gnu-tools-for-stm32.10.3-2021.10.win32_1.0.100.202210260954/tools/bin/../lib/gcc/arm-none-eabi/10.3.1/../../../../arm-none-eabi/lib/thumb/v7e-m+fp/hard\libc_nano.a(lib_a-exit.o)
                              c:/st/stm32cubeide_1.11.2/stm32cubeide/plugins/com.st.stm32cube.ide.mcu.externaltools.gnu-tools-for-stm32.10.3-2021.10.win32_1.0.100.202210260954/tools/bin/../lib/gcc/arm-none-eabi/10.3.1/../../../../arm-none-eabi/lib/thumb/v7e-m+fp/hard/crt0.o (exit)
c:/st/stm32cubeide_1.11.2/stm32cubeide/plugins/com.st.stm32cube.ide.mcu.externaltools.gnu-tools-for-stm32.10.3-2021.10.win32_1.0.100.202210260954/tools/bin/../lib/gcc/arm-none-eabi/10.3.1/../../../../arm-none-eabi/lib/thumb/v7e-m+fp/hard\libc_nano.a(lib_a-impure.o)
                              c:/st/stm32cubeide_1.11.2/stm32cubeide/plugins/com.st.stm32cube.ide.mcu.externaltools.gnu-tools-for-stm32.10.3-2021.10.win32_1.0.100.202210260954/tools/bin/../lib/gcc/arm-none-eabi/10.3.1/../../../../arm-none-eabi/lib/thumb/v7e-m+fp/hard\libc_nano.a(lib_a-exit.o) (_global_impure_ptr)
c:/st/stm32cubeide_1.11.2/stm32cubeide/plugins/com.st.stm32cube.ide.mcu.externaltools.gnu-tools-for-stm32.10.3-2021.10.win32_1.0.100.202210260954/tools/bin/../lib/gcc/arm-none-eabi/10.3.1/../../../../arm-none-eabi/lib/thumb/v7e-m+fp/hard\libc_nano.a(lib_a-init.o)
                              c:/st/stm32cubeide_1.11.2/stm32cubeide/plugins/com.st.stm32cube.ide.mcu.externaltools.gnu-tools-for-stm32.10.3-2021.10.win32_1.0.100.202210260954/tools/bin/../lib/gcc/arm-none-eabi/10.3.1/../../../../arm-none-eabi/lib/thumb/v7e-m+fp/hard/crt0.o (__libc_init_array)
c:/st/stm32cubeide_1.11.2/stm32cubeide/plugins/com.st.stm32cube.ide.mcu.externaltools.gnu-tools-for-stm32.10.3-2021.10.win32_1.0.100.202210260954/tools/bin/../lib/gcc/arm-none-eabi/10.3.1/../../../../arm-none-eabi/lib/thumb/v7e-m+fp/hard\libc_nano.a(lib_a-memset.o)
                              c:/st/stm32cubeide_1.11.2/stm32cubeide/plugins/com.st.stm32cube.ide.mcu.externaltools.gnu-tools-for-stm32.10.3-2021.10.win32_1.0.100.202210260954/tools/bin/../lib/gcc/arm-none-eabi/10.3.1/../../../../arm-none-eabi/lib/thumb/v7e-m+fp/hard/crt0.o (memset)

Discarded input sections

 .text          0x0000000000000000        0x0 c:/st/stm32cubeide_1.11.2/stm32cubeide/plugins/com.st.stm32cube.ide.mcu.externaltools.gnu-tools-for-stm32.10.3-2021.10.win32_1.0.100.202210260954/tools/bin/../lib/gcc/arm-none-eabi/10.3.1/thumb/v7e-m+fp/hard/crti.o
 .data          0x0000000000000000        0x0 c:/st/stm32cubeide_1.11.2/stm32cubeide/plugins/com.st.stm32cube.ide.mcu.externaltools.gnu-tools-for-stm32.10.3-2021.10.win32_1.0.100.202210260954/tools/bin/../lib/gcc/arm-none-eabi/10.3.1/thumb/v7e-m+fp/hard/crti.o
 .bss           0x0000000000000000        0x0 c:/st/stm32cubeide_1.11.2/stm32cubeide/plugins/com.st.stm32cube.ide.mcu.externaltools.gnu-tools-for-stm32.10.3-2021.10.win32_1.0.100.202210260954/tools/bin/../lib/gcc/arm-none-eabi/10.3.1/thumb/v7e-m+fp/hard/crti.o
 .data          0x0000000000000000        0x4 c:/st/stm32cubeide_1.11.2/stm32cubeide/plugins/com.st.stm32cube.ide.mcu.externaltools.gnu-tools-for-stm32.10.3-2021.10.win32_1.0.100.202210260954/tools/bin/../lib/gcc/arm-none-eabi/10.3.1/thumb/v7e-m+fp/hard/crtbegin.o
 .rodata        0x0000000000000000       0x24 c:/st/stm32cubeide_1.11.2/stm32cubeide/plugins/com.st.stm32cube.ide.mcu.externaltools.gnu-tools-for-stm32.10.3-2021.10.win32_1.0.100.202210260954/tools/bin/../lib/gcc/arm-none-eabi/10.3.1/thumb/v7e-m+fp/hard/crtbegin.o
 .text          0x0000000000000000       0x7c c:/st/stm32cubeide_1.11.2/stm32cubeide/plugins/com.st.stm32cube.ide.mcu.externaltools.gnu-tools-for-stm32.10.3-2021.10.win32_1.0.100.202210260954/tools/bin/../lib/gcc/arm-none-eabi/10.3.1/../../../../arm-none-eabi/lib/thumb/v7e-m+fp/hard/crt0.o
 .data          0x0000000000000000        0x0 c:/st/stm32cubeide_1.11.2/stm32cubeide/plugins/com.st.stm32cube.ide.mcu.externaltools.gnu-tools-for-stm32.10.3-2021.10.win32_1.0.100.202210260954/tools/bin/../lib/gcc/arm-none-eabi/10.3.1/../../../../arm-none-eabi/lib/thumb/v7e-m+fp/hard/crt0.o
 .bss           0x0000000000000000        0x0 c:/st/stm32cubeide_1.11.2/stm32cubeide/plugins/com.st.stm32cube.ide.mcu.externaltools.gnu-tools-for-stm32.10.3-2021.10.win32_1.0.100.202210260954/tools/bin/../lib/gcc/arm-none-eabi/10.3.1/../../../../arm-none-eabi/lib/thumb/v7e-m+fp/hard/crt0.o
[...]
Memory Configuration

Name             Origin             Length             Attributes
RAM              0x0000000020000000 0x0000000000008000 xrw
FLASH            0x0000000008000000 0x0000000000020000 xr
*default*        0x0000000000000000 0xffffffffffffffff

Linker script and memory map

LOAD c:/st/stm32cubeide_1.11.2/stm32cubeide/plugins/com.st.stm32cube.ide.mcu.externaltools.gnu-tools-for-stm32.10.3-2021.10.win32_1.0.100.202210260954/tools/bin/../lib/gcc/arm-none-eabi/10.3.1/thumb/v7e-m+fp/hard/crti.o
LOAD c:/st/stm32cubeide_1.11.2/stm32cubeide/plugins/com.st.stm32cube.ide.mcu.externaltools.gnu-tools-for-stm32.10.3-2021.10.win32_1.0.100.202210260954/tools/bin/../lib/gcc/arm-none-eabi/10.3.1/thumb/v7e-m+fp/hard/crtbegin.o
LOAD c:/st/stm32cubeide_1.11.2/stm32cubeide/plugins/com.st.stm32cube.ide.mcu.externaltools.gnu-tools-for-stm32.10.3-2021.10.win32_1.0.100.202210260954/tools/bin/../lib/gcc/arm-none-eabi/10.3.1/../../../../arm-none-eabi/lib/thumb/v7e-m+fp/hard/crt0.o
LOAD ./Core/Src/Serial.o
LOAD ./Core/Src/TimeBase.o
LOAD ./Core/Src/adc.o
LOAD ./Core/Src/dac.o
LOAD ./Core/Src/gpio.o
LOAD ./Core/Src/led.o
LOAD ./Core/Src/main.o
LOAD ./Core/Src/spi.o
LOAD ./Core/Src/stm32g4xx_it.o
LOAD ./Core/Src/syscalls.o
LOAD ./Core/Src/sysmem.o
LOAD ./Core/Src/system_stm32g4xx.o
LOAD ./Core/Src/tim.o
LOAD ./Core/Src/usart.o
LOAD ./Core/Startup/startup_stm32g441kbtx.o
LOAD ./Drivers/STM32G4xx_HAL_Driver/Src/stm32g4xx_ll_adc.o
LOAD ./Drivers/STM32G4xx_HAL_Driver/Src/stm32g4xx_ll_dac.o
LOAD ./Drivers/STM32G4xx_HAL_Driver/Src/stm32g4xx_ll_dma.o
LOAD ./Drivers/STM32G4xx_HAL_Driver/Src/stm32g4xx_ll_exti.o
LOAD ./Drivers/STM32G4xx_HAL_Driver/Src/stm32g4xx_ll_gpio.o
LOAD ./Drivers/STM32G4xx_HAL_Driver/Src/stm32g4xx_ll_pwr.o
LOAD ./Drivers/STM32G4xx_HAL_Driver/Src/stm32g4xx_ll_rcc.o
LOAD ./Drivers/STM32G4xx_HAL_Driver/Src/stm32g4xx_ll_spi.o
LOAD ./Drivers/STM32G4xx_HAL_Driver/Src/stm32g4xx_ll_tim.o
LOAD ./Drivers/STM32G4xx_HAL_Driver/Src/stm32g4xx_ll_usart.o
LOAD ./Drivers/STM32G4xx_HAL_Driver/Src/stm32g4xx_ll_utils.o
START GROUP
LOAD c:/st/stm32cubeide_1.11.2/stm32cubeide/plugins/com.st.stm32cube.ide.mcu.externaltools.gnu-tools-for-stm32.10.3-2021.10.win32_1.0.100.202210260954/tools/bin/../lib/gcc/arm-none-eabi/10.3.1/../../../../arm-none-eabi/lib/thumb/v7e-m+fp/hard\libc_nano.a
LOAD c:/st/stm32cubeide_1.11.2/stm32cubeide/plugins/com.st.stm32cube.ide.mcu.externaltools.gnu-tools-for-stm32.10.3-2021.10.win32_1.0.100.202210260954/tools/bin/../lib/gcc/arm-none-eabi/10.3.1/../../../../arm-none-eabi/lib/thumb/v7e-m+fp/hard\libm.a
END GROUP
START GROUP
LOAD c:/st/stm32cubeide_1.11.2/stm32cubeide/plugins/com.st.stm32cube.ide.mcu.externaltools.gnu-tools-for-stm32.10.3-2021.10.win32_1.0.100.202210260954/tools/bin/../lib/gcc/arm-none-eabi/10.3.1/thumb/v7e-m+fp/hard\libgcc.a
LOAD c:/st/stm32cubeide_1.11.2/stm32cubeide/plugins/com.st.stm32cube.ide.mcu.externaltools.gnu-tools-for-stm32.10.3-2021.10.win32_1.0.100.202210260954/tools/bin/../lib/gcc/arm-none-eabi/10.3.1/../../../../arm-none-eabi/lib/thumb/v7e-m+fp/hard\libc_nano.a
END GROUP
START GROUP
LOAD c:/st/stm32cubeide_1.11.2/stm32cubeide/plugins/com.st.stm32cube.ide.mcu.externaltools.gnu-tools-for-stm32.10.3-2021.10.win32_1.0.100.202210260954/tools/bin/../lib/gcc/arm-none-eabi/10.3.1/thumb/v7e-m+fp/hard\libgcc.a
LOAD c:/st/stm32cubeide_1.11.2/stm32cubeide/plugins/com.st.stm32cube.ide.mcu.externaltools.gnu-tools-for-stm32.10.3-2021.10.win32_1.0.100.202210260954/tools/bin/../lib/gcc/arm-none-eabi/10.3.1/../../../../arm-none-eabi/lib/thumb/v7e-m+fp/hard\libc_nano.a
LOAD c:/st/stm32cubeide_1.11.2/stm32cubeide/plugins/com.st.stm32cube.ide.mcu.externaltools.gnu-tools-for-stm32.10.3-2021.10.win32_1.0.100.202210260954/tools/bin/../lib/gcc/arm-none-eabi/10.3.1/../../../../arm-none-eabi/lib/thumb/v7e-m+fp/hard\libnosys.a
END GROUP
START GROUP
LOAD c:/st/stm32cubeide_1.11.2/stm32cubeide/plugins/com.st.stm32cube.ide.mcu.externaltools.gnu-tools-for-stm32.10.3-2021.10.win32_1.0.100.202210260954/tools/bin/../lib/gcc/arm-none-eabi/10.3.1/thumb/v7e-m+fp/hard\libgcc.a
LOAD c:/st/stm32cubeide_1.11.2/stm32cubeide/plugins/com.st.stm32cube.ide.mcu.externaltools.gnu-tools-for-stm32.10.3-2021.10.win32_1.0.100.202210260954/tools/bin/../lib/gcc/arm-none-eabi/10.3.1/../../../../arm-none-eabi/lib/thumb/v7e-m+fp/hard\libc_nano.a
LOAD c:/st/stm32cubeide_1.11.2/stm32cubeide/plugins/com.st.stm32cube.ide.mcu.externaltools.gnu-tools-for-stm32.10.3-2021.10.win32_1.0.100.202210260954/tools/bin/../lib/gcc/arm-none-eabi/10.3.1/../../../../arm-none-eabi/lib/thumb/v7e-m+fp/hard\libnosys.a
END GROUP
LOAD c:/st/stm32cubeide_1.11.2/stm32cubeide/plugins/com.st.stm32cube.ide.mcu.externaltools.gnu-tools-for-stm32.10.3-2021.10.win32_1.0.100.202210260954/tools/bin/../lib/gcc/arm-none-eabi/10.3.1/thumb/v7e-m+fp/hard/crtend.o
LOAD c:/st/stm32cubeide_1.11.2/stm32cubeide/plugins/com.st.stm32cube.ide.mcu.externaltools.gnu-tools-for-stm32.10.3-2021.10.win32_1.0.100.202210260954/tools/bin/../lib/gcc/arm-none-eabi/10.3.1/thumb/v7e-m+fp/hard/crtn.o
                0x0000000020008000                _estack = (ORIGIN (RAM) + LENGTH (RAM))
                0x0000000000000200                _Min_Heap_Size = 0x200
                0x0000000000000400                _Min_Stack_Size = 0x400

.isr_vector     0x0000000008000000      0x1d8
                0x0000000008000000                . = ALIGN (0x4)
 *(.isr_vector)
 .isr_vector    0x0000000008000000      0x1d8 ./Core/Startup/startup_stm32g441kbtx.o
                0x0000000008000000                g_pfnVectors
                0x00000000080001d8                . = ALIGN (0x4)

.text           0x00000000080001d8     0x2b80
                0x00000000080001d8                . = ALIGN (0x4)
 *(.text)
 .text          0x00000000080001d8       0x40 c:/st/stm32cubeide_1.11.2/stm32cubeide/plugins/com.st.stm32cube.ide.mcu.externaltools.gnu-tools-for-stm32.10.3-2021.10.win32_1.0.100.202210260954/tools/bin/../lib/gcc/arm-none-eabi/10.3.1/thumb/v7e-m+fp/hard/crtbegin.o
 *(.text*)
 .text.LL_ADC_SetGainCompensation
                0x0000000008000218       0x4a ./Core/Src/adc.o
 .text.LL_ADC_REG_SetSequencerRanks
                0x0000000008000262       0x58 ./Core/Src/adc.o
 .text.LL_ADC_SetChannelSamplingTime
                0x00000000080002ba       0x56 ./Core/Src/adc.o
 .text.LL_ADC_SetChannelSingleDiff
                0x0000000008000310       0x48 ./Core/Src/adc.o
 .text.LL_ADC_SetOverSamplingScope
                0x0000000008000358       0x2a ./Core/Src/adc.o
 .text.LL_ADC_DisableDeepPowerDown
                0x0000000008000382       0x24 ./Core/Src/adc.o
 .text.LL_ADC_EnableInternalRegulator
                0x00000000080003a6       0x28 ./Core/Src/adc.o
 *fill*         0x00000000080003ce        0x2 
 .text.LL_RCC_SetADCClockSource
                0x00000000080003d0       0x48 ./Core/Src/adc.o
 .text.LL_AHB2_GRP1_EnableClock
                0x0000000008000418       0x30 ./Core/Src/adc.o
 .text.MX_ADC1_Init
                0x0000000008000448      0x15c ./Core/Src/adc.o
                0x0000000008000448                MX_ADC1_Init
 .text.LL_DAC_SetSignedFormat
                0x00000000080005a4       0x40 ./Core/Src/dac.o
 .text.LL_DAC_DisableDMADoubleDataMode
                0x00000000080005e4       0x30 ./Core/Src/dac.o
 .text.LL_DAC_DisableTrigger
                0x0000000008000614       0x2e ./Core/Src/dac.o
 *fill*         0x0000000008000642        0x2 
 .text.LL_AHB2_GRP1_EnableClock
                0x0000000008000644       0x30 ./Core/Src/dac.o
 .text.MX_DAC1_Init
                0x0000000008000674       0xe4 ./Core/Src/dac.o
                0x0000000008000674                MX_DAC1_Init
 .text.LL_AHB2_GRP1_EnableClock
                0x0000000008000758       0x30 ./Core/Src/gpio.o
 .text.MX_GPIO_Init
                0x0000000008000788       0x14 ./Core/Src/gpio.o
                0x0000000008000788                MX_GPIO_Init
 .text.__NVIC_SetPriorityGrouping
                0x000000000800079c       0x48 ./Core/Src/main.o
 .text.__NVIC_GetPriorityGrouping
                0x00000000080007e4       0x1c ./Core/Src/main.o
 .text.__NVIC_SetPriority
                0x0000000008000800       0x54 ./Core/Src/main.o
 .text.NVIC_EncodePriority
                0x0000000008000854       0x66 ./Core/Src/main.o
 *fill*         0x00000000080008ba        0x2 
 .text.LL_RCC_HSI_Enable
                0x00000000080008bc       0x20 ./Core/Src/main.o
 .text.LL_RCC_HSI_IsReady
                0x00000000080008dc       0x28 ./Core/Src/main.o
 .text.LL_RCC_HSI_SetCalibTrimming
                0x0000000008000904       0x2c ./Core/Src/main.o
 .text.LL_RCC_SetSysClkSource
                0x0000000008000930       0x28 ./Core/Src/main.o
 .text.LL_RCC_GetSysClkSource
                0x0000000008000958       0x1c ./Core/Src/main.o
 .text.LL_RCC_SetAHBPrescaler
                0x0000000008000974       0x28 ./Core/Src/main.o
 .text.LL_RCC_SetAPB1Prescaler
                0x000000000800099c       0x28 ./Core/Src/main.o
 .text.LL_RCC_SetAPB2Prescaler
                0x00000000080009c4       0x28 ./Core/Src/main.o
 .text.LL_RCC_PLL_Enable
                0x00000000080009ec       0x20 ./Core/Src/main.o
 .text.LL_RCC_PLL_IsReady
                0x0000000008000a0c       0x28 ./Core/Src/main.o
 .text.LL_RCC_PLL_ConfigDomain_SYS
                0x0000000008000a34       0x40 ./Core/Src/main.o
 .text.LL_RCC_PLL_EnableDomain_SYS
                0x0000000008000a74       0x20 ./Core/Src/main.o
 .text.LL_APB1_GRP1_EnableClock
                0x0000000008000a94       0x30 ./Core/Src/main.o
 .text.LL_APB2_GRP1_EnableClock
                0x0000000008000ac4       0x30 ./Core/Src/main.o
 .text.LL_FLASH_SetLatency
                0x0000000008000af4       0x28 ./Core/Src/main.o
 .text.LL_FLASH_GetLatency
                0x0000000008000b1c       0x1c ./Core/Src/main.o
 .text.LL_PWR_SetRegulVoltageScaling
                0x0000000008000b38       0x28 ./Core/Src/main.o
 .text.main     0x0000000008000b60       0x52 ./Core/Src/main.o
                0x0000000008000b60                main
 *fill*         0x0000000008000bb2        0x2 
 .text.SystemClock_Config
                0x0000000008000bb4       0xac ./Core/Src/main.o
                0x0000000008000bb4                SystemClock_Config
 .text.LL_AHB2_GRP1_EnableClock
                0x0000000008000c60       0x30 ./Core/Src/spi.o
 .text.LL_APB2_GRP1_EnableClock
                0x0000000008000c90       0x30 ./Core/Src/spi.o
 .text.LL_SPI_SetStandard
                0x0000000008000cc0       0x26 ./Core/Src/spi.o
 .text.LL_SPI_EnableNSSPulseMgt
                0x0000000008000ce6       0x20 ./Core/Src/spi.o
 *fill*         0x0000000008000d06        0x2 
 .text.MX_SPI1_Init
                0x0000000008000d08       0xfc ./Core/Src/spi.o
                0x0000000008000d08                MX_SPI1_Init
 .text.NMI_Handler
                0x0000000008000e04        0x6 ./Core/Src/stm32g4xx_it.o
                0x0000000008000e04                NMI_Handler
 .text.HardFault_Handler
                0x0000000008000e0a        0x6 ./Core/Src/stm32g4xx_it.o
                0x0000000008000e0a                HardFault_Handler
 .text.MemManage_Handler
                0x0000000008000e10        0x6 ./Core/Src/stm32g4xx_it.o
                0x0000000008000e10                MemManage_Handler
 .text.BusFault_Handler
                0x0000000008000e16        0x6 ./Core/Src/stm32g4xx_it.o
                0x0000000008000e16                BusFault_Handler
 .text.UsageFault_Handler
                0x0000000008000e1c        0x6 ./Core/Src/stm32g4xx_it.o
                0x0000000008000e1c                UsageFault_Handler
 .text.SVC_Handler
                0x0000000008000e22        0xe ./Core/Src/stm32g4xx_it.o
                0x0000000008000e22                SVC_Handler
 .text.DebugMon_Handler
                0x0000000008000e30        0xe ./Core/Src/stm32g4xx_it.o
                0x0000000008000e30                DebugMon_Handler
 .text.PendSV_Handler
                0x0000000008000e3e        0xe ./Core/Src/stm32g4xx_it.o
                0x0000000008000e3e                PendSV_Handler
 .text.SysTick_Handler
                0x0000000008000e4c        0xe ./Core/Src/stm32g4xx_it.o
                0x0000000008000e4c                SysTick_Handler
 *fill*         0x0000000008000e5a        0x2 
 .text.SystemInit
                0x0000000008000e5c       0x24 ./Core/Src/system_stm32g4xx.o
                0x0000000008000e5c                SystemInit
 .text.LL_AHB2_GRP1_EnableClock
                0x0000000008000e80       0x30 ./Core/Src/tim.o
 .text.LL_APB1_GRP1_EnableClock
                0x0000000008000eb0       0x30 ./Core/Src/tim.o
 .text.LL_TIM_DisableARRPreload
                0x0000000008000ee0       0x20 ./Core/Src/tim.o
 .text.LL_TIM_OC_DisableFast
                0x0000000008000f00       0xb0 ./Core/Src/tim.o
 .text.LL_TIM_OC_EnablePreload
                0x0000000008000fb0       0xac ./Core/Src/tim.o
 .text.LL_TIM_SetClockSource
                0x000000000800105c       0x2a ./Core/Src/tim.o
 .text.LL_TIM_SetTriggerOutput
                0x0000000008001086       0x2a ./Core/Src/tim.o
 .text.LL_TIM_DisableMasterSlaveMode
                0x00000000080010b0       0x20 ./Core/Src/tim.o
 .text.MX_TIM2_Init
                0x00000000080010d0       0xea ./Core/Src/tim.o
                0x00000000080010d0                MX_TIM2_Init
 *fill*         0x00000000080011ba        0x2 
 .text.LL_RCC_SetUSARTClockSource
                0x00000000080011bc       0x34 ./Core/Src/usart.o
 .text.LL_AHB2_GRP1_EnableClock
                0x00000000080011f0       0x30 ./Core/Src/usart.o
 .text.LL_APB1_GRP1_EnableClock
                0x0000000008001220       0x30 ./Core/Src/usart.o
 .text.LL_USART_Enable
                0x0000000008001250       0x20 ./Core/Src/usart.o
 .text.LL_USART_DisableFIFO
                0x0000000008001270       0x20 ./Core/Src/usart.o
 .text.LL_USART_SetTXFIFOThreshold
                0x0000000008001290       0x4e ./Core/Src/usart.o
 .text.LL_USART_SetRXFIFOThreshold
                0x00000000080012de       0x4e ./Core/Src/usart.o
 .text.LL_USART_ConfigAsyncMode
                0x000000000800132c       0x2c ./Core/Src/usart.o
 .text.LL_USART_IsActiveFlag_TEACK
                0x0000000008001358       0x28 ./Core/Src/usart.o
 .text.LL_USART_IsActiveFlag_REACK
                0x0000000008001380       0x28 ./Core/Src/usart.o
 .text.MX_USART2_UART_Init
                0x00000000080013a8       0xfc ./Core/Src/usart.o
                0x00000000080013a8                MX_USART2_UART_Init
 .text.Reset_Handler
                0x00000000080014a4       0x50 ./Core/Startup/startup_stm32g441kbtx.o
                0x00000000080014a4                Reset_Handler
 .text.Default_Handler
                0x00000000080014f4        0x2 ./Core/Startup/startup_stm32g441kbtx.o
                0x00000000080014f4                RTC_Alarm_IRQHandler
                0x00000000080014f4                EXTI2_IRQHandler
                0x00000000080014f4                TIM8_TRG_COM_IRQHandler
                0x00000000080014f4                TIM8_CC_IRQHandler
                0x00000000080014f4                TIM1_CC_IRQHandler
                0x00000000080014f4                USB_HP_IRQHandler
                0x00000000080014f4                CORDIC_IRQHandler
                0x00000000080014f4                EXTI3_IRQHandler
                0x00000000080014f4                I2C3_ER_IRQHandler
                0x00000000080014f4                EXTI0_IRQHandler
                0x00000000080014f4                I2C2_EV_IRQHandler
                0x00000000080014f4                FPU_IRQHandler
                0x00000000080014f4                FDCAN1_IT1_IRQHandler
                0x00000000080014f4                TIM1_UP_TIM16_IRQHandler
                0x00000000080014f4                ADC1_2_IRQHandler
                0x00000000080014f4                SPI1_IRQHandler
                0x00000000080014f4                TIM6_DAC_IRQHandler
                0x00000000080014f4                TIM8_UP_IRQHandler
                0x00000000080014f4                DMA2_Channel2_IRQHandler
                0x00000000080014f4                DMA1_Channel4_IRQHandler
                0x00000000080014f4                USART3_IRQHandler
                0x00000000080014f4                TIM4_IRQHandler
                0x00000000080014f4                DMA2_Channel1_IRQHandler
                0x00000000080014f4                I2C1_EV_IRQHandler
                0x00000000080014f4                DMA1_Channel6_IRQHandler
                0x00000000080014f4                UART4_IRQHandler
                0x00000000080014f4                DMA2_Channel4_IRQHandler
                0x00000000080014f4                TIM3_IRQHandler
                0x00000000080014f4                RCC_IRQHandler
                0x00000000080014f4                DMA1_Channel1_IRQHandler
                0x00000000080014f4                Default_Handler
                0x00000000080014f4                RTC_TAMP_LSECSS_IRQHandler
                0x00000000080014f4                FMAC_IRQHandler
                0x00000000080014f4                EXTI15_10_IRQHandler
                0x00000000080014f4                TIM7_IRQHandler
                0x00000000080014f4                UCPD1_IRQHandler
                0x00000000080014f4                I2C3_EV_IRQHandler
                0x00000000080014f4                EXTI9_5_IRQHandler
                0x00000000080014f4                RTC_WKUP_IRQHandler
                0x00000000080014f4                PVD_PVM_IRQHandler
                0x00000000080014f4                SPI2_IRQHandler
                0x00000000080014f4                DMA2_Channel5_IRQHandler
                0x00000000080014f4                CRS_IRQHandler
                0x00000000080014f4                DMA1_Channel5_IRQHandler
                0x00000000080014f4                USB_LP_IRQHandler
                0x00000000080014f4                EXTI4_IRQHandler
                0x00000000080014f4                RNG_IRQHandler
                0x00000000080014f4                TIM1_TRG_COM_TIM17_IRQHandler
                0x00000000080014f4                DMA1_Channel3_IRQHandler
                0x00000000080014f4                WWDG_IRQHandler
                0x00000000080014f4                LPUART1_IRQHandler
                0x00000000080014f4                DMA2_Channel6_IRQHandler
                0x00000000080014f4                FDCAN1_IT0_IRQHandler
                0x00000000080014f4                TIM2_IRQHandler
                0x00000000080014f4                COMP1_2_3_IRQHandler
                0x00000000080014f4                EXTI1_IRQHandler
                0x00000000080014f4                AES_IRQHandler
                0x00000000080014f4                USART2_IRQHandler
                0x00000000080014f4                I2C2_ER_IRQHandler
                0x00000000080014f4                DMA1_Channel2_IRQHandler
                0x00000000080014f4                TIM8_BRK_IRQHandler
                0x00000000080014f4                FLASH_IRQHandler
                0x00000000080014f4                USART1_IRQHandler
                0x00000000080014f4                SPI3_IRQHandler
                0x00000000080014f4                I2C1_ER_IRQHandler
                0x00000000080014f4                LPTIM1_IRQHandler
                0x00000000080014f4                DMAMUX_OVR_IRQHandler
                0x00000000080014f4                USBWakeUp_IRQHandler
                0x00000000080014f4                SAI1_IRQHandler
                0x00000000080014f4                DMA2_Channel3_IRQHandler
                0x00000000080014f4                COMP4_IRQHandler
                0x00000000080014f4                TIM1_BRK_TIM15_IRQHandler
 .text.LL_ADC_REG_SetSequencerLength
                0x00000000080014f6       0x26 ./Drivers/STM32G4xx_HAL_Driver/Src/stm32g4xx_ll_adc.o
 .text.LL_ADC_IsEnabled
                0x000000000800151c       0x26 ./Drivers/STM32G4xx_HAL_Driver/Src/stm32g4xx_ll_adc.o
 *fill*         0x0000000008001542        0x2 
 .text.LL_ADC_CommonInit
                0x0000000008001544       0x80 ./Drivers/STM32G4xx_HAL_Driver/Src/stm32g4xx_ll_adc.o
                0x0000000008001544                LL_ADC_CommonInit
 .text.LL_ADC_Init
                0x00000000080015c4       0x4c ./Drivers/STM32G4xx_HAL_Driver/Src/stm32g4xx_ll_adc.o
                0x00000000080015c4                LL_ADC_Init
 .text.LL_ADC_REG_Init
                0x0000000008001610       0x94 ./Drivers/STM32G4xx_HAL_Driver/Src/stm32g4xx_ll_adc.o
                0x0000000008001610                LL_ADC_REG_Init
 .text.LL_DAC_IsEnabled
                0x00000000080016a4       0x3e ./Drivers/STM32G4xx_HAL_Driver/Src/stm32g4xx_ll_dac.o
 .text.LL_DAC_Init
                0x00000000080016e2      0x14e ./Drivers/STM32G4xx_HAL_Driver/Src/stm32g4xx_ll_dac.o
                0x00000000080016e2                LL_DAC_Init
 .text.LL_GPIO_SetPinMode
                0x0000000008001830       0x7a ./Drivers/STM32G4xx_HAL_Driver/Src/stm32g4xx_ll_gpio.o
 .text.LL_GPIO_SetPinOutputType
                0x00000000080018aa       0x30 ./Drivers/STM32G4xx_HAL_Driver/Src/stm32g4xx_ll_gpio.o
 .text.LL_GPIO_SetPinSpeed
                0x00000000080018da       0x7a ./Drivers/STM32G4xx_HAL_Driver/Src/stm32g4xx_ll_gpio.o
 .text.LL_GPIO_SetPinPull
                0x0000000008001954       0x7a ./Drivers/STM32G4xx_HAL_Driver/Src/stm32g4xx_ll_gpio.o
 .text.LL_GPIO_SetAFPin_0_7
                0x00000000080019ce       0x7a ./Drivers/STM32G4xx_HAL_Driver/Src/stm32g4xx_ll_gpio.o
 .text.LL_GPIO_SetAFPin_8_15
                0x0000000008001a48       0x7e ./Drivers/STM32G4xx_HAL_Driver/Src/stm32g4xx_ll_gpio.o
 .text.LL_GPIO_Init
                0x0000000008001ac6       0xdc ./Drivers/STM32G4xx_HAL_Driver/Src/stm32g4xx_ll_gpio.o
                0x0000000008001ac6                LL_GPIO_Init
 *fill*         0x0000000008001ba2        0x2 
 .text.LL_RCC_HSI_IsReady
                0x0000000008001ba4       0x28 ./Drivers/STM32G4xx_HAL_Driver/Src/stm32g4xx_ll_rcc.o
 .text.LL_RCC_LSE_IsReady
                0x0000000008001bcc       0x28 ./Drivers/STM32G4xx_HAL_Driver/Src/stm32g4xx_ll_rcc.o
 .text.LL_RCC_GetSysClkSource
                0x0000000008001bf4       0x1c ./Drivers/STM32G4xx_HAL_Driver/Src/stm32g4xx_ll_rcc.o
 .text.LL_RCC_GetAHBPrescaler
                0x0000000008001c10       0x1c ./Drivers/STM32G4xx_HAL_Driver/Src/stm32g4xx_ll_rcc.o
 .text.LL_RCC_GetAPB1Prescaler
                0x0000000008001c2c       0x1c ./Drivers/STM32G4xx_HAL_Driver/Src/stm32g4xx_ll_rcc.o
 .text.LL_RCC_GetAPB2Prescaler
                0x0000000008001c48       0x1c ./Drivers/STM32G4xx_HAL_Driver/Src/stm32g4xx_ll_rcc.o
 .text.LL_RCC_GetUSARTClockSource
                0x0000000008001c64       0x28 ./Drivers/STM32G4xx_HAL_Driver/Src/stm32g4xx_ll_rcc.o
 .text.LL_RCC_GetUARTClockSource
                0x0000000008001c8c       0x28 ./Drivers/STM32G4xx_HAL_Driver/Src/stm32g4xx_ll_rcc.o
 .text.LL_RCC_PLL_GetMainSource
                0x0000000008001cb4       0x1c ./Drivers/STM32G4xx_HAL_Driver/Src/stm32g4xx_ll_rcc.o
 .text.LL_RCC_PLL_GetN
                0x0000000008001cd0       0x1c ./Drivers/STM32G4xx_HAL_Driver/Src/stm32g4xx_ll_rcc.o
 .text.LL_RCC_PLL_GetR
                0x0000000008001cec       0x1c ./Drivers/STM32G4xx_HAL_Driver/Src/stm32g4xx_ll_rcc.o
 .text.LL_RCC_PLL_GetDivider
                0x0000000008001d08       0x1c ./Drivers/STM32G4xx_HAL_Driver/Src/stm32g4xx_ll_rcc.o
 .text.LL_RCC_GetUSARTClockFreq
                0x0000000008001d24      0x18c ./Drivers/STM32G4xx_HAL_Driver/Src/stm32g4xx_ll_rcc.o
                0x0000000008001d24                LL_RCC_GetUSARTClockFreq
 .text.LL_RCC_GetUARTClockFreq
                0x0000000008001eb0       0x98 ./Drivers/STM32G4xx_HAL_Driver/Src/stm32g4xx_ll_rcc.o
                0x0000000008001eb0                LL_RCC_GetUARTClockFreq
 .text.RCC_GetSystemClockFreq
                0x0000000008001f48       0x4c ./Drivers/STM32G4xx_HAL_Driver/Src/stm32g4xx_ll_rcc.o
 .text.RCC_GetHCLKClockFreq
                0x0000000008001f94       0x30 ./Drivers/STM32G4xx_HAL_Driver/Src/stm32g4xx_ll_rcc.o
 .text.RCC_GetPCLK1ClockFreq
                0x0000000008001fc4       0x2c ./Drivers/STM32G4xx_HAL_Driver/Src/stm32g4xx_ll_rcc.o
 .text.RCC_GetPCLK2ClockFreq
                0x0000000008001ff0       0x2c ./Drivers/STM32G4xx_HAL_Driver/Src/stm32g4xx_ll_rcc.o
 .text.RCC_PLL_GetFreqDomain_SYS
                0x000000000800201c       0x68 ./Drivers/STM32G4xx_HAL_Driver/Src/stm32g4xx_ll_rcc.o
 .text.LL_SPI_IsEnabled
                0x0000000008002084       0x26 ./Drivers/STM32G4xx_HAL_Driver/Src/stm32g4xx_ll_spi.o
 .text.LL_SPI_SetRxFIFOThreshold
                0x00000000080020aa       0x26 ./Drivers/STM32G4xx_HAL_Driver/Src/stm32g4xx_ll_spi.o
 .text.LL_SPI_SetCRCPolynomial
                0x00000000080020d0       0x20 ./Drivers/STM32G4xx_HAL_Driver/Src/stm32g4xx_ll_spi.o
 .text.LL_SPI_Init
                0x00000000080020f0       0xbc ./Drivers/STM32G4xx_HAL_Driver/Src/stm32g4xx_ll_spi.o
                0x00000000080020f0                LL_SPI_Init
 .text.LL_TIM_SetPrescaler
                0x00000000080021ac       0x1c ./Drivers/STM32G4xx_HAL_Driver/Src/stm32g4xx_ll_tim.o
 .text.LL_TIM_SetAutoReload
                0x00000000080021c8       0x1c ./Drivers/STM32G4xx_HAL_Driver/Src/stm32g4xx_ll_tim.o
 .text.LL_TIM_SetRepetitionCounter
                0x00000000080021e4       0x1c ./Drivers/STM32G4xx_HAL_Driver/Src/stm32g4xx_ll_tim.o
 .text.LL_TIM_OC_SetCompareCH1
                0x0000000008002200       0x1c ./Drivers/STM32G4xx_HAL_Driver/Src/stm32g4xx_ll_tim.o
 .text.LL_TIM_OC_SetCompareCH2
                0x000000000800221c       0x1c ./Drivers/STM32G4xx_HAL_Driver/Src/stm32g4xx_ll_tim.o
 .text.LL_TIM_OC_SetCompareCH3
                0x0000000008002238       0x1c ./Drivers/STM32G4xx_HAL_Driver/Src/stm32g4xx_ll_tim.o
 .text.LL_TIM_OC_SetCompareCH4
                0x0000000008002254       0x1c ./Drivers/STM32G4xx_HAL_Driver/Src/stm32g4xx_ll_tim.o
 .text.LL_TIM_OC_SetCompareCH5
                0x0000000008002270       0x20 ./Drivers/STM32G4xx_HAL_Driver/Src/stm32g4xx_ll_tim.o
 .text.LL_TIM_OC_SetCompareCH6
                0x0000000008002290       0x1c ./Drivers/STM32G4xx_HAL_Driver/Src/stm32g4xx_ll_tim.o
 .text.LL_TIM_GenerateEvent_UPDATE
                0x00000000080022ac       0x20 ./Drivers/STM32G4xx_HAL_Driver/Src/stm32g4xx_ll_tim.o
 .text.LL_TIM_Init
                0x00000000080022cc      0x114 ./Drivers/STM32G4xx_HAL_Driver/Src/stm32g4xx_ll_tim.o
                0x00000000080022cc                LL_TIM_Init
 .text.LL_TIM_OC_Init
                0x00000000080023e0       0xbe ./Drivers/STM32G4xx_HAL_Driver/Src/stm32g4xx_ll_tim.o
                0x00000000080023e0                LL_TIM_OC_Init
 *fill*         0x000000000800249e        0x2 
 .text.OC1Config
                0x00000000080024a0      0x100 ./Drivers/STM32G4xx_HAL_Driver/Src/stm32g4xx_ll_tim.o
 .text.OC2Config
                0x00000000080025a0      0x108 ./Drivers/STM32G4xx_HAL_Driver/Src/stm32g4xx_ll_tim.o
 .text.OC3Config
                0x00000000080026a8      0x108 ./Drivers/STM32G4xx_HAL_Driver/Src/stm32g4xx_ll_tim.o
 .text.OC4Config
                0x00000000080027b0      0x108 ./Drivers/STM32G4xx_HAL_Driver/Src/stm32g4xx_ll_tim.o
 .text.OC5Config
                0x00000000080028b8       0xc8 ./Drivers/STM32G4xx_HAL_Driver/Src/stm32g4xx_ll_tim.o
 .text.OC6Config
                0x0000000008002980       0xc8 ./Drivers/STM32G4xx_HAL_Driver/Src/stm32g4xx_ll_tim.o
 .text.LL_USART_IsEnabled
                0x0000000008002a48       0x26 ./Drivers/STM32G4xx_HAL_Driver/Src/stm32g4xx_ll_usart.o
 .text.LL_USART_SetPrescaler
                0x0000000008002a6e       0x28 ./Drivers/STM32G4xx_HAL_Driver/Src/stm32g4xx_ll_usart.o
 .text.LL_USART_SetStopBitsLength
                0x0000000008002a96       0x26 ./Drivers/STM32G4xx_HAL_Driver/Src/stm32g4xx_ll_usart.o
 .text.LL_USART_SetHWFlowCtrl
                0x0000000008002abc       0x26 ./Drivers/STM32G4xx_HAL_Driver/Src/stm32g4xx_ll_usart.o
 *fill*         0x0000000008002ae2        0x2 
 .text.LL_USART_SetBaudRate
                0x0000000008002ae4       0xa0 ./Drivers/STM32G4xx_HAL_Driver/Src/stm32g4xx_ll_usart.o
 .text.LL_USART_Init
                0x0000000008002b84       0xf4 ./Drivers/STM32G4xx_HAL_Driver/Src/stm32g4xx_ll_usart.o
                0x0000000008002b84                LL_USART_Init
 .text.LL_InitTick
                0x0000000008002c78       0x34 ./Drivers/STM32G4xx_HAL_Driver/Src/stm32g4xx_ll_utils.o
 .text.LL_Init1msTick
                0x0000000008002cac       0x1a ./Drivers/STM32G4xx_HAL_Driver/Src/stm32g4xx_ll_utils.o
                0x0000000008002cac                LL_Init1msTick
 *fill*         0x0000000008002cc6        0x2 
 .text.LL_SetSystemCoreClock
                0x0000000008002cc8       0x20 ./Drivers/STM32G4xx_HAL_Driver/Src/stm32g4xx_ll_utils.o
                0x0000000008002cc8                LL_SetSystemCoreClock
 .text.__libc_init_array
                0x0000000008002ce8       0x48 c:/st/stm32cubeide_1.11.2/stm32cubeide/plugins/com.st.stm32cube.ide.mcu.externaltools.gnu-tools-for-stm32.10.3-2021.10.win32_1.0.100.202210260954/tools/bin/../lib/gcc/arm-none-eabi/10.3.1/../../../../arm-none-eabi/lib/thumb/v7e-m+fp/hard\libc_nano.a(lib_a-init.o)
                0x0000000008002ce8                __libc_init_array
 .text.memset   0x0000000008002d30       0x10 c:/st/stm32cubeide_1.11.2/stm32cubeide/plugins/com.st.stm32cube.ide.mcu.externaltools.gnu-tools-for-stm32.10.3-2021.10.win32_1.0.100.202210260954/tools/bin/../lib/gcc/arm-none-eabi/10.3.1/../../../../arm-none-eabi/lib/thumb/v7e-m+fp/hard\libc_nano.a(lib_a-memset.o)
                0x0000000008002d30                memset
 *(.glue_7)
 .glue_7        0x0000000008002d40        0x0 linker stubs
 *(.glue_7t)
 .glue_7t       0x0000000008002d40        0x0 linker stubs
 *(.eh_frame)
 .eh_frame      0x0000000008002d40        0x0 c:/st/stm32cubeide_1.11.2/stm32cubeide/plugins/com.st.stm32cube.ide.mcu.externaltools.gnu-tools-for-stm32.10.3-2021.10.win32_1.0.100.202210260954/tools/bin/../lib/gcc/arm-none-eabi/10.3.1/thumb/v7e-m+fp/hard/crtbegin.o
 *(.init)
 .init          0x0000000008002d40        0x4 c:/st/stm32cubeide_1.11.2/stm32cubeide/plugins/com.st.stm32cube.ide.mcu.externaltools.gnu-tools-for-stm32.10.3-2021.10.win32_1.0.100.202210260954/tools/bin/../lib/gcc/arm-none-eabi/10.3.1/thumb/v7e-m+fp/hard/crti.o
                0x0000000008002d40                _init
 .init          0x0000000008002d44        0x8 c:/st/stm32cubeide_1.11.2/stm32cubeide/plugins/com.st.stm32cube.ide.mcu.externaltools.gnu-tools-for-stm32.10.3-2021.10.win32_1.0.100.202210260954/tools/bin/../lib/gcc/arm-none-eabi/10.3.1/thumb/v7e-m+fp/hard/crtn.o
 *(.fini)
 .fini          0x0000000008002d4c        0x4 c:/st/stm32cubeide_1.11.2/stm32cubeide/plugins/com.st.stm32cube.ide.mcu.externaltools.gnu-tools-for-stm32.10.3-2021.10.win32_1.0.100.202210260954/tools/bin/../lib/gcc/arm-none-eabi/10.3.1/thumb/v7e-m+fp/hard/crti.o
                0x0000000008002d4c                _fini
 .fini          0x0000000008002d50        0x8 c:/st/stm32cubeide_1.11.2/stm32cubeide/plugins/com.st.stm32cube.ide.mcu.externaltools.gnu-tools-for-stm32.10.3-2021.10.win32_1.0.100.202210260954/tools/bin/../lib/gcc/arm-none-eabi/10.3.1/thumb/v7e-m+fp/hard/crtn.o
                0x0000000008002d58                . = ALIGN (0x4)
                0x0000000008002d58                _etext = .

.vfp11_veneer   0x0000000008002d58        0x0
 .vfp11_veneer  0x0000000008002d58        0x0 linker stubs

.v4_bx          0x0000000008002d58        0x0
 .v4_bx         0x0000000008002d58        0x0 linker stubs

.iplt           0x0000000008002d58        0x0
 .iplt          0x0000000008002d58        0x0 c:/st/stm32cubeide_1.11.2/stm32cubeide/plugins/com.st.stm32cube.ide.mcu.externaltools.gnu-tools-for-stm32.10.3-2021.10.win32_1.0.100.202210260954/tools/bin/../lib/gcc/arm-none-eabi/10.3.1/thumb/v7e-m+fp/hard/crtbegin.o

.rodata         0x0000000008002d58       0x60
                0x0000000008002d58                . = ALIGN (0x4)
 *(.rodata)
 *(.rodata*)
 .rodata.AHBPrescTable
                0x0000000008002d58       0x10 ./Core/Src/system_stm32g4xx.o
                0x0000000008002d58                AHBPrescTable
 .rodata.APBPrescTable
                0x0000000008002d68        0x8 ./Core/Src/system_stm32g4xx.o
                0x0000000008002d68                APBPrescTable
 .rodata.OFFSET_TAB_CCMRx
                0x0000000008002d70        0xa ./Core/Src/tim.o
 *fill*         0x0000000008002d7a        0x2 
 .rodata.SHIFT_TAB_OCxx
                0x0000000008002d7c        0xa ./Core/Src/tim.o
 *fill*         0x0000000008002d86        0x2 
 .rodata.USART_PRESCALER_TAB
                0x0000000008002d88       0x30 ./Drivers/STM32G4xx_HAL_Driver/Src/stm32g4xx_ll_usart.o
                0x0000000008002db8                . = ALIGN (0x4)

.rel.dyn        0x0000000008002db8        0x0
 .rel.iplt      0x0000000008002db8        0x0 c:/st/stm32cubeide_1.11.2/stm32cubeide/plugins/com.st.stm32cube.ide.mcu.externaltools.gnu-tools-for-stm32.10.3-2021.10.win32_1.0.100.202210260954/tools/bin/../lib/gcc/arm-none-eabi/10.3.1/thumb/v7e-m+fp/hard/crtbegin.o

.ARM.extab      0x0000000008002db8        0x0
                0x0000000008002db8                . = ALIGN (0x4)
 *(.ARM.extab* .gnu.linkonce.armextab.*)
                0x0000000008002db8                . = ALIGN (0x4)

.ARM            0x0000000008002db8        0x0
                0x0000000008002db8                . = ALIGN (0x4)
                0x0000000008002db8                __exidx_start = .
 *(.ARM.exidx*)
                0x0000000008002db8                __exidx_end = .
                0x0000000008002db8                . = ALIGN (0x4)

.preinit_array  0x0000000008002db8        0x0
                0x0000000008002db8                . = ALIGN (0x4)
                0x0000000008002db8                PROVIDE (__preinit_array_start = .)
 *(.preinit_array*)
                0x0000000008002db8                PROVIDE (__preinit_array_end = .)
                0x0000000008002db8                . = ALIGN (0x4)

.init_array     0x0000000008002db8        0x4
                0x0000000008002db8                . = ALIGN (0x4)
                0x0000000008002db8                PROVIDE (__init_array_start = .)
 *(SORT_BY_NAME(.init_array.*))
 *(.init_array*)
 .init_array    0x0000000008002db8        0x4 c:/st/stm32cubeide_1.11.2/stm32cubeide/plugins/com.st.stm32cube.ide.mcu.externaltools.gnu-tools-for-stm32.10.3-2021.10.win32_1.0.100.202210260954/tools/bin/../lib/gcc/arm-none-eabi/10.3.1/thumb/v7e-m+fp/hard/crtbegin.o
                0x0000000008002dbc                PROVIDE (__init_array_end = .)
                0x0000000008002dbc                . = ALIGN (0x4)

.fini_array     0x0000000008002dbc        0x4
                0x0000000008002dbc                . = ALIGN (0x4)
                [!provide]                        PROVIDE (__fini_array_start = .)
 *(SORT_BY_NAME(.fini_array.*))
 *(.fini_array*)
 .fini_array    0x0000000008002dbc        0x4 c:/st/stm32cubeide_1.11.2/stm32cubeide/plugins/com.st.stm32cube.ide.mcu.externaltools.gnu-tools-for-stm32.10.3-2021.10.win32_1.0.100.202210260954/tools/bin/../lib/gcc/arm-none-eabi/10.3.1/thumb/v7e-m+fp/hard/crtbegin.o
                [!provide]                        PROVIDE (__fini_array_end = .)
                0x0000000008002dc0                . = ALIGN (0x4)
                0x0000000008002dc0                _sidata = LOADADDR (.data)

.data           0x0000000020000000        0x4 load address 0x0000000008002dc0
                0x0000000020000000                . = ALIGN (0x4)
                0x0000000020000000                _sdata = .
 *(.data)
 *(.data*)
 .data.SystemCoreClock
                0x0000000020000000        0x4 ./Core/Src/system_stm32g4xx.o
                0x0000000020000000                SystemCoreClock
 *(.RamFunc)
 *(.RamFunc*)
                0x0000000020000004                . = ALIGN (0x4)
                0x0000000020000004                _edata = .

.igot.plt       0x0000000020000004        0x0 load address 0x0000000008002dc4
 .igot.plt      0x0000000020000004        0x0 c:/st/stm32cubeide_1.11.2/stm32cubeide/plugins/com.st.stm32cube.ide.mcu.externaltools.gnu-tools-for-stm32.10.3-2021.10.win32_1.0.100.202210260954/tools/bin/../lib/gcc/arm-none-eabi/10.3.1/thumb/v7e-m+fp/hard/crtbegin.o
                0x0000000020000004                . = ALIGN (0x4)

.bss            0x0000000020000004       0x1c load address 0x0000000008002dc4
                0x0000000020000004                _sbss = .
                0x0000000020000004                __bss_start__ = _sbss
 *(.bss)
 .bss           0x0000000020000004       0x1c c:/st/stm32cubeide_1.11.2/stm32cubeide/plugins/com.st.stm32cube.ide.mcu.externaltools.gnu-tools-for-stm32.10.3-2021.10.win32_1.0.100.202210260954/tools/bin/../lib/gcc/arm-none-eabi/10.3.1/thumb/v7e-m+fp/hard/crtbegin.o
 *(.bss*)
 *(COMMON)
                0x0000000020000020                . = ALIGN (0x4)
                0x0000000020000020                _ebss = .
                0x0000000020000020                __bss_end__ = _ebss

._user_heap_stack
                0x0000000020000020      0x600 load address 0x0000000008002dc4
                0x0000000020000020                . = ALIGN (0x8)
                [!provide]                        PROVIDE (end = .)
                0x0000000020000020                PROVIDE (_end = .)
                0x0000000020000220                . = (. + _Min_Heap_Size)
 *fill*         0x0000000020000020      0x200 
                0x0000000020000620                . = (. + _Min_Stack_Size)
 *fill*         0x0000000020000220      0x400 
                0x0000000020000620                . = ALIGN (0x8)

/DISCARD/
 libc.a(*)
 libm.a(*)
 libgcc.a(*)

.ARM.attributes
                0x0000000000000000       0x30
 *(.ARM.attributes)
 .ARM.attributes
                0x0000000000000000       0x1e c:/st/stm32cubeide_1.11.2/stm32cubeide/plugins/com.st.stm32cube.ide.mcu.externaltools.gnu-tools-for-stm32.10.3-2021.10.win32_1.0.100.202210260954/tools/bin/../lib/gcc/arm-none-eabi/10.3.1/thumb/v7e-m+fp/hard/crti.o
 .ARM.attributes
                0x000000000000001e       0x34 c:/st/stm32cubeide_1.11.2/stm32cubeide/plugins/com.st.stm32cube.ide.mcu.externaltools.gnu-tools-for-stm32.10.3-2021.10.win32_1.0.100.202210260954/tools/bin/../lib/gcc/arm-none-eabi/10.3.1/thumb/v7e-m+fp/hard/crtbegin.o
 .ARM.attributes
                0x0000000000000052       0x34 ./Core/Src/adc.o
 .ARM.attributes
                0x0000000000000086       0x34 ./Core/Src/dac.o
 .ARM.attributes
                0x00000000000000ba       0x34 ./Core/Src/gpio.o
 .ARM.attributes
                0x00000000000000ee       0x34 ./Core/Src/main.o
 .ARM.attributes
                0x0000000000000122       0x34 ./Core/Src/spi.o
 .ARM.attributes
                0x0000000000000156       0x34 ./Core/Src/stm32g4xx_it.o
 .ARM.attributes
                0x000000000000018a       0x34 ./Core/Src/system_stm32g4xx.o
 .ARM.attributes
                0x00000000000001be       0x34 ./Core/Src/tim.o
 .ARM.attributes
                0x00000000000001f2       0x34 ./Core/Src/usart.o
 .ARM.attributes
                0x0000000000000226       0x21 ./Core/Startup/startup_stm32g441kbtx.o
 .ARM.attributes
                0x0000000000000247       0x34 ./Drivers/STM32G4xx_HAL_Driver/Src/stm32g4xx_ll_adc.o
 .ARM.attributes
                0x000000000000027b       0x34 ./Drivers/STM32G4xx_HAL_Driver/Src/stm32g4xx_ll_dac.o
 .ARM.attributes
                0x00000000000002af       0x34 ./Drivers/STM32G4xx_HAL_Driver/Src/stm32g4xx_ll_gpio.o
 .ARM.attributes
                0x00000000000002e3       0x34 ./Drivers/STM32G4xx_HAL_Driver/Src/stm32g4xx_ll_rcc.o
 .ARM.attributes
                0x0000000000000317       0x34 ./Drivers/STM32G4xx_HAL_Driver/Src/stm32g4xx_ll_spi.o
 .ARM.attributes
                0x000000000000034b       0x34 ./Drivers/STM32G4xx_HAL_Driver/Src/stm32g4xx_ll_tim.o
 .ARM.attributes
                0x000000000000037f       0x34 ./Drivers/STM32G4xx_HAL_Driver/Src/stm32g4xx_ll_usart.o
 .ARM.attributes
                0x00000000000003b3       0x34 ./Drivers/STM32G4xx_HAL_Driver/Src/stm32g4xx_ll_utils.o
 .ARM.attributes
                0x00000000000003e7       0x34 c:/st/stm32cubeide_1.11.2/stm32cubeide/plugins/com.st.stm32cube.ide.mcu.externaltools.gnu-tools-for-stm32.10.3-2021.10.win32_1.0.100.202210260954/tools/bin/../lib/gcc/arm-none-eabi/10.3.1/../../../../arm-none-eabi/lib/thumb/v7e-m+fp/hard\libc_nano.a(lib_a-init.o)
 .ARM.attributes
                0x000000000000041b       0x34 c:/st/stm32cubeide_1.11.2/stm32cubeide/plugins/com.st.stm32cube.ide.mcu.externaltools.gnu-tools-for-stm32.10.3-2021.10.win32_1.0.100.202210260954/tools/bin/../lib/gcc/arm-none-eabi/10.3.1/../../../../arm-none-eabi/lib/thumb/v7e-m+fp/hard\libc_nano.a(lib_a-memset.o)
 .ARM.attributes
                0x000000000000044f       0x1e c:/st/stm32cubeide_1.11.2/stm32cubeide/plugins/com.st.stm32cube.ide.mcu.externaltools.gnu-tools-for-stm32.10.3-2021.10.win32_1.0.100.202210260954/tools/bin/../lib/gcc/arm-none-eabi/10.3.1/thumb/v7e-m+fp/hard/crtn.o
OUTPUT(softwareTPmicrop.elf elf32-littlearm)
LOAD linker stubs
LOAD c:/st/stm32cubeide_1.11.2/stm32cubeide/plugins/com.st.stm32cube.ide.mcu.externaltools.gnu-tools-for-stm32.10.3-2021.10.win32_1.0.100.202210260954/tools/bin/../lib/gcc/arm-none-eabi/10.3.1/../../../../arm-none-eabi/lib/thumb/v7e-m+fp/hard\libc.a
LOAD c:/st/stm32cubeide_1.11.2/stm32cubeide/plugins/com.st.stm32cube.ide.mcu.externaltools.gnu-tools-for-stm32.10.3-2021.10.win32_1.0.100.202210260954/tools/bin/../lib/gcc/arm-none-eabi/10.3.1/../../../../arm-none-eabi/lib/thumb/v7e-m+fp/hard\libm.a
LOAD c:/st/stm32cubeide_1.11.2/stm32cubeide/plugins/com.st.stm32cube.ide.mcu.externaltools.gnu-tools-for-stm32.10.3-2021.10.win32_1.0.100.202210260954/tools/bin/../lib/gcc/arm-none-eabi/10.3.1/thumb/v7e-m+fp/hard\libgcc.a

.debug_info     0x0000000000000000     0xa179
 .debug_info    0x0000000000000000      0xba0 ./Core/Src/adc.o
 .debug_info    0x0000000000000ba0      0x849 ./Core/Src/dac.o
 .debug_info    0x00000000000013e9      0x3f9 ./Core/Src/gpio.o
 .debug_info    0x00000000000017e2      0xf75 ./Core/Src/main.o
 .debug_info    0x0000000000002757      0x775 ./Core/Src/spi.o
 .debug_info    0x0000000000002ecc      0x209 ./Core/Src/stm32g4xx_it.o
 .debug_info    0x00000000000030d5      0x598 ./Core/Src/system_stm32g4xx.o
 .debug_info    0x000000000000366d      0xa63 ./Core/Src/tim.o
 .debug_info    0x00000000000040d0      0x9df ./Core/Src/usart.o
 .debug_info    0x0000000000004aaf       0x22 ./Core/Startup/startup_stm32g441kbtx.o
 .debug_info    0x0000000000004ad1      0xbac ./Drivers/STM32G4xx_HAL_Driver/Src/stm32g4xx_ll_adc.o
 .debug_info    0x000000000000567d      0x63f ./Drivers/STM32G4xx_HAL_Driver/Src/stm32g4xx_ll_dac.o
 .debug_info    0x0000000000005cbc      0xa0d ./Drivers/STM32G4xx_HAL_Driver/Src/stm32g4xx_ll_gpio.o
 .debug_info    0x00000000000066c9      0xbda ./Drivers/STM32G4xx_HAL_Driver/Src/stm32g4xx_ll_rcc.o
 .debug_info    0x00000000000072a3      0x819 ./Drivers/STM32G4xx_HAL_Driver/Src/stm32g4xx_ll_spi.o
 .debug_info    0x0000000000007abc     0x1263 ./Drivers/STM32G4xx_HAL_Driver/Src/stm32g4xx_ll_tim.o
 .debug_info    0x0000000000008d1f      0x864 ./Drivers/STM32G4xx_HAL_Driver/Src/stm32g4xx_ll_usart.o
 .debug_info    0x0000000000009583      0xbf6 ./Drivers/STM32G4xx_HAL_Driver/Src/stm32g4xx_ll_utils.o

.debug_abbrev   0x0000000000000000     0x1d85
 .debug_abbrev  0x0000000000000000      0x1a4 ./Core/Src/adc.o
 .debug_abbrev  0x00000000000001a4      0x191 ./Core/Src/dac.o
 .debug_abbrev  0x0000000000000335      0x101 ./Core/Src/gpio.o
 .debug_abbrev  0x0000000000000436      0x255 ./Core/Src/main.o
 .debug_abbrev  0x000000000000068b      0x191 ./Core/Src/spi.o
 .debug_abbrev  0x000000000000081c       0x80 ./Core/Src/stm32g4xx_it.o
 .debug_abbrev  0x000000000000089c      0x116 ./Core/Src/system_stm32g4xx.o
 .debug_abbrev  0x00000000000009b2      0x1c2 ./Core/Src/tim.o
 .debug_abbrev  0x0000000000000b74      0x22b ./Core/Src/usart.o
 .debug_abbrev  0x0000000000000d9f       0x12 ./Core/Startup/startup_stm32g441kbtx.o
 .debug_abbrev  0x0000000000000db1      0x19c ./Drivers/STM32G4xx_HAL_Driver/Src/stm32g4xx_ll_adc.o
 .debug_abbrev  0x0000000000000f4d      0x1a0 ./Drivers/STM32G4xx_HAL_Driver/Src/stm32g4xx_ll_dac.o
 .debug_abbrev  0x00000000000010ed      0x223 ./Drivers/STM32G4xx_HAL_Driver/Src/stm32g4xx_ll_gpio.o
 .debug_abbrev  0x0000000000001310      0x225 ./Drivers/STM32G4xx_HAL_Driver/Src/stm32g4xx_ll_rcc.o
 .debug_abbrev  0x0000000000001535      0x1f4 ./Drivers/STM32G4xx_HAL_Driver/Src/stm32g4xx_ll_spi.o
 .debug_abbrev  0x0000000000001729      0x236 ./Drivers/STM32G4xx_HAL_Driver/Src/stm32g4xx_ll_tim.o
 .debug_abbrev  0x000000000000195f      0x1cf ./Drivers/STM32G4xx_HAL_Driver/Src/stm32g4xx_ll_usart.o
 .debug_abbrev  0x0000000000001b2e      0x257 ./Drivers/STM32G4xx_HAL_Driver/Src/stm32g4xx_ll_utils.o

.debug_aranges  0x0000000000000000      0xa08
 .debug_aranges
                0x0000000000000000       0x68 ./Core/Src/adc.o
 .debug_aranges
                0x0000000000000068       0x40 ./Core/Src/dac.o
 .debug_aranges
                0x00000000000000a8       0x28 ./Core/Src/gpio.o
 .debug_aranges
                0x00000000000000d0       0xd8 ./Core/Src/main.o
 .debug_aranges
                0x00000000000001a8       0x40 ./Core/Src/spi.o
 .debug_aranges
                0x00000000000001e8       0x60 ./Core/Src/stm32g4xx_it.o
 .debug_aranges
                0x0000000000000248       0x28 ./Core/Src/system_stm32g4xx.o
 .debug_aranges
                0x0000000000000270       0x60 ./Core/Src/tim.o
 .debug_aranges
                0x00000000000002d0       0x70 ./Core/Src/usart.o
 .debug_aranges
                0x0000000000000340       0x28 ./Core/Startup/startup_stm32g441kbtx.o
 .debug_aranges
                0x0000000000000368       0xd0 ./Drivers/STM32G4xx_HAL_Driver/Src/stm32g4xx_ll_adc.o
 .debug_aranges
                0x0000000000000438       0x48 ./Drivers/STM32G4xx_HAL_Driver/Src/stm32g4xx_ll_dac.o
 .debug_aranges
                0x0000000000000480       0x70 ./Drivers/STM32G4xx_HAL_Driver/Src/stm32g4xx_ll_gpio.o
 .debug_aranges
                0x00000000000004f0      0x1b8 ./Drivers/STM32G4xx_HAL_Driver/Src/stm32g4xx_ll_rcc.o
 .debug_aranges
                0x00000000000006a8       0x90 ./Drivers/STM32G4xx_HAL_Driver/Src/stm32g4xx_ll_spi.o
 .debug_aranges
                0x0000000000000738      0x148 ./Drivers/STM32G4xx_HAL_Driver/Src/stm32g4xx_ll_tim.o
 .debug_aranges
                0x0000000000000880       0x88 ./Drivers/STM32G4xx_HAL_Driver/Src/stm32g4xx_ll_usart.o
 .debug_aranges
                0x0000000000000908      0x100 ./Drivers/STM32G4xx_HAL_Driver/Src/stm32g4xx_ll_utils.o

.debug_ranges   0x0000000000000000      0x8f0
 .debug_ranges  0x0000000000000000       0x58 ./Core/Src/adc.o
 .debug_ranges  0x0000000000000058       0x30 ./Core/Src/dac.o
 .debug_ranges  0x0000000000000088       0x18 ./Core/Src/gpio.o
 .debug_ranges  0x00000000000000a0       0xc8 ./Core/Src/main.o
 .debug_ranges  0x0000000000000168       0x30 ./Core/Src/spi.o
 .debug_ranges  0x0000000000000198       0x50 ./Core/Src/stm32g4xx_it.o
 .debug_ranges  0x00000000000001e8       0x18 ./Core/Src/system_stm32g4xx.o
 .debug_ranges  0x0000000000000200       0x50 ./Core/Src/tim.o
 .debug_ranges  0x0000000000000250       0x60 ./Core/Src/usart.o
 .debug_ranges  0x00000000000002b0       0x20 ./Core/Startup/startup_stm32g441kbtx.o
 .debug_ranges  0x00000000000002d0       0xc0 ./Drivers/STM32G4xx_HAL_Driver/Src/stm32g4xx_ll_adc.o
 .debug_ranges  0x0000000000000390       0x38 ./Drivers/STM32G4xx_HAL_Driver/Src/stm32g4xx_ll_dac.o
 .debug_ranges  0x00000000000003c8       0x60 ./Drivers/STM32G4xx_HAL_Driver/Src/stm32g4xx_ll_gpio.o
 .debug_ranges  0x0000000000000428      0x1a8 ./Drivers/STM32G4xx_HAL_Driver/Src/stm32g4xx_ll_rcc.o
 .debug_ranges  0x00000000000005d0       0x80 ./Drivers/STM32G4xx_HAL_Driver/Src/stm32g4xx_ll_spi.o
 .debug_ranges  0x0000000000000650      0x138 ./Drivers/STM32G4xx_HAL_Driver/Src/stm32g4xx_ll_tim.o
 .debug_ranges  0x0000000000000788       0x78 ./Drivers/STM32G4xx_HAL_Driver/Src/stm32g4xx_ll_usart.o
 .debug_ranges  0x0000000000000800       0xf0 ./Drivers/STM32G4xx_HAL_Driver/Src/stm32g4xx_ll_utils.o

.debug_macro    0x0000000000000000     0x2a84
 .debug_macro   0x0000000000000000      0x182 ./Core/Src/adc.o
 .debug_macro   0x0000000000000182      0x182 ./Core/Src/dac.o
 .debug_macro   0x0000000000000304      0x182 ./Core/Src/gpio.o
 .debug_macro   0x0000000000000486      0x1b8 ./Core/Src/main.o
 .debug_macro   0x000000000000063e      0x182 ./Core/Src/spi.o
 .debug_macro   0x00000000000007c0      0x182 ./Core/Src/stm32g4xx_it.o
 .debug_macro   0x0000000000000942       0xcd ./Core/Src/system_stm32g4xx.o
 .debug_macro   0x0000000000000a0f      0x182 ./Core/Src/tim.o
 .debug_macro   0x0000000000000b91      0x182 ./Core/Src/usart.o
 .debug_macro   0x0000000000000d13      0x17e ./Drivers/STM32G4xx_HAL_Driver/Src/stm32g4xx_ll_adc.o
 .debug_macro   0x0000000000000e91      0x120 ./Drivers/STM32G4xx_HAL_Driver/Src/stm32g4xx_ll_dac.o
 .debug_macro   0x0000000000000fb1      0x3b3 ./Drivers/STM32G4xx_HAL_Driver/Src/stm32g4xx_ll_dac.o
 .debug_macro   0x0000000000001364      0x10f ./Drivers/STM32G4xx_HAL_Driver/Src/stm32g4xx_ll_gpio.o
 .debug_macro   0x0000000000001473      0x163 ./Drivers/STM32G4xx_HAL_Driver/Src/stm32g4xx_ll_gpio.o
 .debug_macro   0x00000000000015d6      0x124 ./Drivers/STM32G4xx_HAL_Driver/Src/stm32g4xx_ll_rcc.o
 .debug_macro   0x00000000000016fa      0x5f8 ./Drivers/STM32G4xx_HAL_Driver/Src/stm32g4xx_ll_rcc.o
 .debug_macro   0x0000000000001cf2      0x17c ./Drivers/STM32G4xx_HAL_Driver/Src/stm32g4xx_ll_spi.o
 .debug_macro   0x0000000000001e6e      0x2e4 ./Drivers/STM32G4xx_HAL_Driver/Src/stm32g4xx_ll_spi.o
 .debug_macro   0x0000000000002152      0x186 ./Drivers/STM32G4xx_HAL_Driver/Src/stm32g4xx_ll_tim.o
 .debug_macro   0x00000000000022d8      0x148 ./Drivers/STM32G4xx_HAL_Driver/Src/stm32g4xx_ll_usart.o
 .debug_macro   0x0000000000002420      0x409 ./Drivers/STM32G4xx_HAL_Driver/Src/stm32g4xx_ll_usart.o
 .debug_macro   0x0000000000002829      0x1c1 ./Drivers/STM32G4xx_HAL_Driver/Src/stm32g4xx_ll_utils.o
 .debug_macro   0x00000000000029ea       0x9a ./Drivers/STM32G4xx_HAL_Driver/Src/stm32g4xx_ll_utils.o

.debug_line     0x0000000000000000     0x8aab
 .debug_line    0x0000000000000000      0x770 ./Core/Src/adc.o
 .debug_line    0x0000000000000770      0x6ab ./Core/Src/dac.o
 .debug_line    0x0000000000000e1b      0x62c ./Core/Src/gpio.o
 .debug_line    0x0000000000001447      0x9d3 ./Core/Src/main.o
 .debug_line    0x0000000000001e1a      0x6e6 ./Core/Src/spi.o
 .debug_line    0x0000000000002500      0x6ca ./Core/Src/stm32g4xx_it.o
 .debug_line    0x0000000000002bca      0x4d7 ./Core/Src/system_stm32g4xx.o
 .debug_line    0x00000000000030a1      0x84a ./Core/Src/tim.o
 .debug_line    0x00000000000038eb      0x83c ./Core/Src/usart.o
 .debug_line    0x0000000000004127       0x89 ./Core/Startup/startup_stm32g441kbtx.o
 .debug_line    0x00000000000041b0      0x893 ./Drivers/STM32G4xx_HAL_Driver/Src/stm32g4xx_ll_adc.o
 .debug_line    0x0000000000004a43      0x5ae ./Drivers/STM32G4xx_HAL_Driver/Src/stm32g4xx_ll_dac.o
 .debug_line    0x0000000000004ff1      0x7af ./Drivers/STM32G4xx_HAL_Driver/Src/stm32g4xx_ll_gpio.o
 .debug_line    0x00000000000057a0      0xeac ./Drivers/STM32G4xx_HAL_Driver/Src/stm32g4xx_ll_rcc.o
 .debug_line    0x000000000000664c      0x73b ./Drivers/STM32G4xx_HAL_Driver/Src/stm32g4xx_ll_spi.o
 .debug_line    0x0000000000006d87      0xbf8 ./Drivers/STM32G4xx_HAL_Driver/Src/stm32g4xx_ll_tim.o
 .debug_line    0x000000000000797f      0x6ef ./Drivers/STM32G4xx_HAL_Driver/Src/stm32g4xx_ll_usart.o
 .debug_line    0x000000000000806e      0xa3d ./Drivers/STM32G4xx_HAL_Driver/Src/stm32g4xx_ll_utils.o

.debug_str      0x0000000000000000    0x9e78d
 .debug_str     0x0000000000000000    0x94767 ./Core/Src/adc.o
                                      0x949a3 (size before relaxing)
 .debug_str     0x0000000000094767      0x1a3 ./Core/Src/dac.o
                                      0x947ee (size before relaxing)
 .debug_str     0x000000000009490a       0x2c ./Core/Src/gpio.o
                                      0x945b0 (size before relaxing)
 .debug_str     0x0000000000094936      0x863 ./Core/Src/main.o
                                      0x94ebe (size before relaxing)
 .debug_str     0x0000000000095199       0xf4 ./Core/Src/spi.o
                                      0x9475d (size before relaxing)
 .debug_str     0x000000000009528d       0xbd ./Core/Src/stm32g4xx_it.o
                                      0x944c7 (size before relaxing)
 .debug_str     0x000000000009534a       0x77 ./Core/Src/system_stm32g4xx.o
                                      0x70f57 (size before relaxing)
 .debug_str     0x00000000000953c1      0x212 ./Core/Src/tim.o
                                      0x948a7 (size before relaxing)
 .debug_str     0x00000000000955d3      0x19a ./Core/Src/usart.o
                                      0x94836 (size before relaxing)
 .debug_str     0x000000000009576d       0x36 ./Core/Startup/startup_stm32g441kbtx.o
                                         0x6d (size before relaxing)
 .debug_str     0x00000000000957a3     0x2653 ./Drivers/STM32G4xx_HAL_Driver/Src/stm32g4xx_ll_adc.o
                                      0x8048f (size before relaxing)
 .debug_str     0x0000000000097df6     0x11b4 ./Drivers/STM32G4xx_HAL_Driver/Src/stm32g4xx_ll_dac.o
                                      0x74d81 (size before relaxing)
 .debug_str     0x0000000000098faa      0x639 ./Drivers/STM32G4xx_HAL_Driver/Src/stm32g4xx_ll_gpio.o
                                      0x72821 (size before relaxing)
 .debug_str     0x00000000000995e3      0xa16 ./Drivers/STM32G4xx_HAL_Driver/Src/stm32g4xx_ll_rcc.o
                                      0x74e89 (size before relaxing)
 .debug_str     0x0000000000099ff9      0xff1 ./Drivers/STM32G4xx_HAL_Driver/Src/stm32g4xx_ll_spi.o
                                      0x770be (size before relaxing)
 .debug_str     0x000000000009afea     0x1e17 ./Drivers/STM32G4xx_HAL_Driver/Src/stm32g4xx_ll_tim.o
                                      0x79faa (size before relaxing)
 .debug_str     0x000000000009ce01      0xa3a ./Drivers/STM32G4xx_HAL_Driver/Src/stm32g4xx_ll_usart.o
                                      0x77347 (size before relaxing)
 .debug_str     0x000000000009d83b      0xf52 ./Drivers/STM32G4xx_HAL_Driver/Src/stm32g4xx_ll_utils.o
                                      0x77880 (size before relaxing)

.comment        0x0000000000000000       0x50
 .comment       0x0000000000000000       0x50 ./Core/Src/adc.o
                                         0x51 (size before relaxing)
 .comment       0x0000000000000050       0x51 ./Core/Src/dac.o
 .comment       0x0000000000000050       0x51 ./Core/Src/gpio.o
 .comment       0x0000000000000050       0x51 ./Core/Src/main.o
 .comment       0x0000000000000050       0x51 ./Core/Src/spi.o
 .comment       0x0000000000000050       0x51 ./Core/Src/stm32g4xx_it.o
 .comment       0x0000000000000050       0x51 ./Core/Src/system_stm32g4xx.o
 .comment       0x0000000000000050       0x51 ./Core/Src/tim.o
 .comment       0x0000000000000050       0x51 ./Core/Src/usart.o
 .comment       0x0000000000000050       0x51 ./Drivers/STM32G4xx_HAL_Driver/Src/stm32g4xx_ll_adc.o
 .comment       0x0000000000000050       0x51 ./Drivers/STM32G4xx_HAL_Driver/Src/stm32g4xx_ll_dac.o
 .comment       0x0000000000000050       0x51 ./Drivers/STM32G4xx_HAL_Driver/Src/stm32g4xx_ll_gpio.o
 .comment       0x0000000000000050       0x51 ./Drivers/STM32G4xx_HAL_Driver/Src/stm32g4xx_ll_rcc.o
 .comment       0x0000000000000050       0x51 ./Drivers/STM32G4xx_HAL_Driver/Src/stm32g4xx_ll_spi.o
 .comment       0x0000000000000050       0x51 ./Drivers/STM32G4xx_HAL_Driver/Src/stm32g4xx_ll_tim.o
 .comment       0x0000000000000050       0x51 ./Drivers/STM32G4xx_HAL_Driver/Src/stm32g4xx_ll_usart.o
 .comment       0x0000000000000050       0x51 ./Drivers/STM32G4xx_HAL_Driver/Src/stm32g4xx_ll_utils.o

.debug_frame    0x0000000000000000     0x2808
 .debug_frame   0x0000000000000000      0x19c ./Core/Src/adc.o
 .debug_frame   0x000000000000019c       0xd4 ./Core/Src/dac.o
 .debug_frame   0x0000000000000270       0x54 ./Core/Src/gpio.o
 .debug_frame   0x00000000000002c4      0x370 ./Core/Src/main.o
 .debug_frame   0x0000000000000634       0xd4 ./Core/Src/spi.o
 .debug_frame   0x0000000000000708      0x108 ./Core/Src/stm32g4xx_it.o
 .debug_frame   0x0000000000000810       0x58 ./Core/Src/system_stm32g4xx.o
 .debug_frame   0x0000000000000868      0x174 ./Core/Src/tim.o
 .debug_frame   0x00000000000009dc      0x1c4 ./Core/Src/usart.o
 .debug_frame   0x0000000000000ba0      0x398 ./Drivers/STM32G4xx_HAL_Driver/Src/stm32g4xx_ll_adc.o
 .debug_frame   0x0000000000000f38       0xf8 ./Drivers/STM32G4xx_HAL_Driver/Src/stm32g4xx_ll_dac.o
 .debug_frame   0x0000000000001030      0x1c0 ./Drivers/STM32G4xx_HAL_Driver/Src/stm32g4xx_ll_gpio.o
 .debug_frame   0x00000000000011f0      0x74c ./Drivers/STM32G4xx_HAL_Driver/Src/stm32g4xx_ll_rcc.o
 .debug_frame   0x000000000000193c      0x258 ./Drivers/STM32G4xx_HAL_Driver/Src/stm32g4xx_ll_spi.o
 .debug_frame   0x0000000000001b94      0x5d0 ./Drivers/STM32G4xx_HAL_Driver/Src/stm32g4xx_ll_tim.o
 .debug_frame   0x0000000000002164      0x238 ./Drivers/STM32G4xx_HAL_Driver/Src/stm32g4xx_ll_usart.o
 .debug_frame   0x000000000000239c      0x420 ./Drivers/STM32G4xx_HAL_Driver/Src/stm32g4xx_ll_utils.o
 .debug_frame   0x00000000000027bc       0x2c c:/st/stm32cubeide_1.11.2/stm32cubeide/plugins/com.st.stm32cube.ide.mcu.externaltools.gnu-tools-for-stm32.10.3-2021.10.win32_1.0.100.202210260954/tools/bin/../lib/gcc/arm-none-eabi/10.3.1/../../../../arm-none-eabi/lib/thumb/v7e-m+fp/hard\libc_nano.a(lib_a-init.o)
 .debug_frame   0x00000000000027e8       0x20 c:/st/stm32cubeide_1.11.2/stm32cubeide/plugins/com.st.stm32cube.ide.mcu.externaltools.gnu-tools-for-stm32.10.3-2021.10.win32_1.0.100.202210260954/tools/bin/../lib/gcc/arm-none-eabi/10.3.1/../../../../arm-none-eabi/lib/thumb/v7e-m+fp/hard\libc_nano.a(lib_a-memset.o)
